// Jest Snapshot v1, https://goo.gl/fbAQLP

exports[`the calculator can subtract 1 - 1 === 0 1`] = `
Array [
  Object {
    "name": "Jack",
    "x": 1,
  },
]
`;
